// Jest Snapshot v1, https://goo.gl/fbAQLP

exports[`Footer matches snapshot 1`] = `
<div>
  <section
    class="py-24 md:py-18 xl:py-18"
  >
    <div
      data-testid="mock-description"
    >
      Lorem ipsum dolor sit amet consectetur. Augue elementum morbi in ac. Leo
 eu elit nibh nunc vitae eget massa sed sed. Sit sed aliquam sit nulla
 eget.
    </div>
  </section>
</div>
`;
